<div>Simple text containing an embedded image</div>
<p><img class=image-left height="144" alt="picture alt text" src="/plone/folder/gamma" width="120"/></p>
