<h2 class="title">Heading 1</h2>
<p>Some text.</p>
<div class="section">
<h3><a id="heading-2" name="heading-2">Heading 2</a></h3>
<p>Some text, bla ble bli blo blu. Yes, i know this is <a class="reference" href="http://www.example.com">Stupid</a>.</p>
</div>
